<html>
<body>
<pre>
<h1>µVision Build Log</h1>
<h2>Tool Versions:</h2>
IDE-Version: µVision V5.39.0.0
Copyright (C) 2023 ARM Ltd and ARM Germany GmbH. All rights reserved.
License Information: Pablo Landriz, UCSB, LIC=----
 
Tool Versions:
Toolchain:       MDK-Lite  Version: 5.39.0.0
Toolchain Path:  C:\Keil_v5\ARM\ARMCLANG\Bin
C Compiler:      ArmClang.exe V6.21
Assembler:       Armasm.exe V6.21
Linker/Locator:  ArmLink.exe V6.21
Library Manager: ArmAr.exe V6.21
Hex Converter:   FromElf.exe V6.21
CPU DLL:         SARMCM3.DLL V5.39.0.0
Dialog DLL:      DCM.DLL V1.17.5.0
Target DLL:      STLink\ST-LINKIII-KEIL_SWO.dll V3.2.0.0
Dialog DLL:      TCM.DLL V1.56.4.0
 
<h2>Project:</h2>
C:\Users\vseenivasan\Downloads\lab6-main\lab6-main\L6A\project.uvprojx
Project File Date:  05/21/2025

<h2>Output:</h2>
*** Using Compiler 'V6.21', folder: 'C:\Keil_v5\ARM\ARMCLANG\Bin'
Build target 'Target 1'
compiling LED.c...
src/main.c(22): warning: no previous prototype for function 'Init_USARTx' [-Wmissing-prototypes]
   22 | void Init_USARTx(int x) {
      |      ^
src/main.c(22): note: declare 'static' if the function is not intended to be used outside of this translation unit
   22 | void Init_USARTx(int x) {
      | ^
      | static 
src/main.c(59): warning: mixing declarations and code is incompatible with standards before C99 [-Wdeclaration-after-statement]
   59 |                 uint32_t time = endTimer(); 
      |                          ^
src/main.c(56): warning: unsafe buffer access [-Wunsafe-buffer-usage]
   56 |                         Software_ComputedCRC = CrcSoftwareFunc(Software_ComputedCRC, DataBuffer[i], POLYNOME); 
      |                                                                                      ^~~~~~~~~~
3 warnings generated.
compiling main.c...
compiling CRC.c...
compiling data.c...
src/SysTimer.c(54): warning: implicit conversion turns floating-point number into integer: 'double' to 'uint32_t' (aka 'unsigned int') [-Wfloat-conversion]
   54 |         return (step*100 + ((1/(8*10e7))*(SysTick->LOAD - SysTick->VAL)));
      |         ~~~~~~  ~~~~~~~~~^~~~~~~~~~~~~~~~~~~~~~~~~~~~~~~~~~~~~~~~~~~~~~~
1 warning generated.
compiling SysTimer.c...
compiling SysClock.c...
src/UART.c(117): warning: comparison of integers of different signs: 'int' and 'uint32_t' (aka 'unsigned int') [-Wsign-compare]
  117 |         for (i = 0; i < nBytes; i++) {
      |                     ~ ^ ~~~~~~
src/UART.c(120): warning: unsafe buffer access [-Wunsafe-buffer-usage]
  120 |                 USARTx->TDR = buffer[i] & 0xFF;
      |                               ^~~~~~
2 warnings generated.
compiling UART.c...
src/UART_printf.c(22): warning: unused parameter 'f' [-Wunused-parameter]
   22 | int fputc(int ch, FILE *f) { 
      |                         ^
src/UART_printf.c(31): warning: unused parameter 'f' [-Wunused-parameter]
   31 | int fgetc(FILE *f) {  
      |                 ^
2 warnings generated.
compiling UART_printf.c...
linking...
Program Size: Code=10628 RO-data=3024 RW-data=0 ZI-data=1728  
FromELF: creating hex file...
".\Objects\project.axf" - 0 Error(s), 8 Warning(s).

<h2>Software Packages used:</h2>

Package Vendor: ARM
                https://www.keil.com/pack/ARM.CMSIS.6.1.0.pack
                ARM::CMSIS@6.1.0
                CMSIS (Common Microcontroller Software Interface Standard)
   * Component: CORE Version: 6.1.0

Package Vendor: Keil
                https://www.keil.com/pack/Keil.STM32L4xx_DFP.2.7.0.pack
                Keil::STM32L4xx_DFP@2.7.0
                STMicroelectronics STM32L4 Series Device Support, Drivers and Examples

<h2>Collection of Component include folders:</h2>
  ./RTE/_Target_1
  C:/Keil_v5/Packs/ARM/CMSIS/6.1.0/CMSIS/Core/Include
  C:/Keil_v5/Packs/Keil/STM32L4xx_DFP/2.7.0/Drivers/CMSIS/Device/ST/STM32L4xx/Include

<h2>Collection of Component Files used:</h2>

   * Component: ARM::CMSIS:CORE@6.1.0
Build Time Elapsed:  00:00:01
</pre>
</body>
</html>
